// Vitest Snapshot v1, https://vitest.dev/guide/snapshot.html

exports[`fixtures > fixtures/basic.js 1`] = `
"// basic.js
import { createRequire } from "node:module";
import "auto";

//#region rolldown:runtime
var __require = /* @__PURE__ */ createRequire(import.meta.url);

//#endregion
//#region tests/fixtures/basic.js
__require("typescript");
const _cjs_ns_default = __require("typescript");
const ns = {
	..._cjs_ns_default,
	default: _cjs_ns_default
};
const _default = __require("typescript");
const { named, imported: local } = __require("typescript");
const _default2 = __require("typescript");
const { named: local2 } = _default2;
const _default3 = __require("typescript");
const ns2 = {
	..._default3,
	default: _default3
};
__require("force");

//#endregion
export { _default, _default2, _default3, local, local2, named, ns, ns2 };"
`;

exports[`fixtures > fixtures/type-only.ts 1`] = `
"// type-only.js
//#region tests/fixtures/type-only.ts
console.log(version);

//#endregion
export {  };"
`;
